#-----------------------------------------------------------
# Vivado v2018.3 (64-bit)
# SW Build 2405991 on Thu Dec  6 23:38:27 MST 2018
# IP Build 2404404 on Fri Dec  7 01:43:56 MST 2018
# Start of session at: Sat Nov 30 16:03:33 2019
# Process ID: 10768
# Current directory: C:/Users/japan/Desktop/CPU_BIG_PROJECT/cs-sub/cod19grp16
# Command line: vivado.exe -gui_launcher_event rodinguilauncherevent31364 C:\Users\japan\Desktop\CPU_BIG_PROJECT\cs-sub\cod19grp16\thinpad_top.xpr
# Log file: C:/Users/japan/Desktop/CPU_BIG_PROJECT/cs-sub/cod19grp16/vivado.log
# Journal file: C:/Users/japan/Desktop/CPU_BIG_PROJECT/cs-sub/cod19grp16\vivado.jou
#-----------------------------------------------------------
start_gui
open_project C:/Users/japan/Desktop/CPU_BIG_PROJECT/cs-sub/cod19grp16/thinpad_top.xpr
update_compile_order -fileset sources_1
launch_simulation
source tb.tcl
open_wave_config {C:/Users/japan/Desktop/CPU_BIG_PROJECT/merge/cs-exc-merge/cod19grp16/sim-waves/arith.wcfg}
relaunch_sim
close_sim
launch_simulation
launch_simulation
source tb.tcl
open_wave_config {C:/Users/japan/Desktop/CPU_BIG_PROJECT/merge/cs-exc-merge/cod19grp16/sim-waves/arith.wcfg}
relaunch_sim
close_sim
launch_simulation
source tb.tcl
open_wave_config {C:/Users/japan/Desktop/CPU_BIG_PROJECT/merge/cs-exc-merge/cod19grp16/sim-waves/arith.wcfg}
relaunch_sim
close_sim
launch_simulation
source tb.tcl
open_wave_config {C:/Users/japan/Desktop/CPU_BIG_PROJECT/merge/cs-exc-merge/cod19grp16/sim-waves/arith.wcfg}
relaunch_sim
close_sim
launch_simulation
source tb.tcl
open_wave_config {C:/Users/japan/Desktop/CPU_BIG_PROJECT/merge/cs-exc-merge/cod19grp16/sim-waves/arith.wcfg}
relaunch_sim
close_sim
launch_simulation
source tb.tcl
open_wave_config {C:/Users/japan/Desktop/CPU_BIG_PROJECT/merge/cs-exc-merge/cod19grp16/sim-waves/arith.wcfg}
relaunch_sim
relaunch_sim
relaunch_sim
relaunch_sim
relaunch_sim
relaunch_sim
update_compile_order -fileset sources_1
update_compile_order -fileset sources_1
relaunch_sim
close_sim
launch_simulation
launch_simulation
add_files -norecurse C:/Users/japan/Desktop/CPU_BIG_PROJECT/cs-sub/cod19grp16/thinpad_top.srcs/sources_1/new/modules/hilo.v
update_compile_order -fileset sources_1
launch_simulation
source tb.tcl
open_wave_config {C:/Users/japan/Desktop/CPU_BIG_PROJECT/cs-sub/cod19grp16/sim-waves/arith.wcfg}
relaunch_sim
relaunch_sim
relaunch_sim
relaunch_sim
relaunch_sim
relaunch_sim
relaunch_sim
relaunch_sim
relaunch_sim
relaunch_sim
relaunch_sim
relaunch_sim
save_wave_config {C:/Users/japan/Desktop/CPU_BIG_PROJECT/cs-sub/cod19grp16/sim-waves/arith.wcfg}
relaunch_sim
relaunch_sim
relaunch_sim
relaunch_sim
relaunch_sim
relaunch_sim
relaunch_sim
relaunch_sim
relaunch_sim
relaunch_sim
relaunch_sim
relaunch_sim
relaunch_sim
relaunch_sim
relaunch_sim
relaunch_sim
relaunch_sim
relaunch_sim
relaunch_sim
relaunch_sim
relaunch_sim
relaunch_sim
